---
source: src/celt/cwrs.rs
expression: table
---
(0, 0) = 1,
(0, 1) = 0,
(0, 2) = 0,
(0, 3) = 0,
(0, 4) = 0,
(0, 5) = 0,
(0, 6) = 0,
(0, 7) = 0,
(0, 8) = 0,
(0, 9) = 0,
(0, 10) = 0,
(0, 11) = 0,
(0, 12) = 0,
(0, 13) = 0,
(0, 14) = 0,
(0, 15) = 0,
(0, 16) = 0,
(0, 17) = 0,
(0, 18) = 0,
(0, 19) = 0,
(0, 20) = 0,
(0, 21) = 0,
(0, 22) = 0,
(0, 23) = 0,
(0, 24) = 0,
(0, 25) = 0,
(0, 26) = 0,
(0, 27) = 0,
(0, 28) = 0,
(0, 29) = 0,
(0, 30) = 0,
(0, 31) = 0,
(0, 32) = 0,
(0, 33) = 0,
(0, 34) = 0,
(0, 35) = 0,
(0, 36) = 0,
(0, 37) = 0,
(0, 38) = 0,
(0, 39) = 0,
(0, 40) = 0,
(0, 41) = 0,
(0, 42) = 0,
(0, 43) = 0,
(0, 44) = 0,
(0, 45) = 0,
(0, 46) = 0,
(0, 47) = 0,
(0, 48) = 0,
(0, 49) = 0,
(0, 50) = 0,
(0, 51) = 0,
(0, 52) = 0,
(0, 53) = 0,
(0, 54) = 0,
(0, 55) = 0,
(0, 56) = 0,
(0, 57) = 0,
(0, 58) = 0,
(0, 59) = 0,
(0, 60) = 0,
(0, 61) = 0,
(0, 62) = 0,
(0, 63) = 0,
(0, 64) = 0,
(0, 65) = 0,
(0, 66) = 0,
(0, 67) = 0,
(0, 68) = 0,
(0, 69) = 0,
(0, 70) = 0,
(0, 71) = 0,
(0, 72) = 0,
(0, 73) = 0,
(0, 74) = 0,
(0, 75) = 0,
(0, 76) = 0,
(0, 77) = 0,
(0, 78) = 0,
(0, 79) = 0,
(0, 80) = 0,
(0, 81) = 0,
(0, 82) = 0,
(0, 83) = 0,
(0, 84) = 0,
(0, 85) = 0,
(0, 86) = 0,
(0, 87) = 0,
(0, 88) = 0,
(0, 89) = 0,
(0, 90) = 0,
(0, 91) = 0,
(0, 92) = 0,
(0, 93) = 0,
(0, 94) = 0,
(0, 95) = 0,
(0, 96) = 0,
(0, 97) = 0,
(0, 98) = 0,
(0, 99) = 0,
(0, 100) = 0,
(0, 101) = 0,
(0, 102) = 0,
(0, 103) = 0,
(0, 104) = 0,
(0, 105) = 0,
(0, 106) = 0,
(0, 107) = 0,
(0, 108) = 0,
(0, 109) = 0,
(0, 110) = 0,
(0, 111) = 0,
(0, 112) = 0,
(0, 113) = 0,
(0, 114) = 0,
(0, 115) = 0,
(0, 116) = 0,
(0, 117) = 0,
(0, 118) = 0,
(0, 119) = 0,
(0, 120) = 0,
(0, 121) = 0,
(0, 122) = 0,
(0, 123) = 0,
(0, 124) = 0,
(0, 125) = 0,
(0, 126) = 0,
(0, 127) = 0,
(0, 128) = 0,
(0, 129) = 0,
(0, 130) = 0,
(0, 131) = 0,
(0, 132) = 0,
(0, 133) = 0,
(0, 134) = 0,
(0, 135) = 0,
(0, 136) = 0,
(0, 137) = 0,
(0, 138) = 0,
(0, 139) = 0,
(0, 140) = 0,
(0, 141) = 0,
(0, 142) = 0,
(0, 143) = 0,
(0, 144) = 0,
(0, 145) = 0,
(0, 146) = 0,
(0, 147) = 0,
(0, 148) = 0,
(0, 149) = 0,
(0, 150) = 0,
(0, 151) = 0,
(0, 152) = 0,
(0, 153) = 0,
(0, 154) = 0,
(0, 155) = 0,
(0, 156) = 0,
(0, 157) = 0,
(0, 158) = 0,
(0, 159) = 0,
(0, 160) = 0,
(0, 161) = 0,
(0, 162) = 0,
(0, 163) = 0,
(0, 164) = 0,
(0, 165) = 0,
(0, 166) = 0,
(0, 167) = 0,
(0, 168) = 0,
(0, 169) = 0,
(0, 170) = 0,
(0, 171) = 0,
(0, 172) = 0,
(0, 173) = 0,
(0, 174) = 0,
(0, 175) = 0,
(0, 176) = 0,
(1, 0) = 0,
(1, 1) = 1,
(1, 2) = 1,
(1, 3) = 1,
(1, 4) = 1,
(1, 5) = 1,
(1, 6) = 1,
(1, 7) = 1,
(1, 8) = 1,
(1, 9) = 1,
(1, 10) = 1,
(1, 11) = 1,
(1, 12) = 1,
(1, 13) = 1,
(1, 14) = 1,
(1, 15) = 1,
(1, 16) = 1,
(1, 17) = 1,
(1, 18) = 1,
(1, 19) = 1,
(1, 20) = 1,
(1, 21) = 1,
(1, 22) = 1,
(1, 23) = 1,
(1, 24) = 1,
(1, 25) = 1,
(1, 26) = 1,
(1, 27) = 1,
(1, 28) = 1,
(1, 29) = 1,
(1, 30) = 1,
(1, 31) = 1,
(1, 32) = 1,
(1, 33) = 1,
(1, 34) = 1,
(1, 35) = 1,
(1, 36) = 1,
(1, 37) = 1,
(1, 38) = 1,
(1, 39) = 1,
(1, 40) = 1,
(1, 41) = 1,
(1, 42) = 1,
(1, 43) = 1,
(1, 44) = 1,
(1, 45) = 1,
(1, 46) = 1,
(1, 47) = 1,
(1, 48) = 1,
(1, 49) = 1,
(1, 50) = 1,
(1, 51) = 1,
(1, 52) = 1,
(1, 53) = 1,
(1, 54) = 1,
(1, 55) = 1,
(1, 56) = 1,
(1, 57) = 1,
(1, 58) = 1,
(1, 59) = 1,
(1, 60) = 1,
(1, 61) = 1,
(1, 62) = 1,
(1, 63) = 1,
(1, 64) = 1,
(1, 65) = 1,
(1, 66) = 1,
(1, 67) = 1,
(1, 68) = 1,
(1, 69) = 1,
(1, 70) = 1,
(1, 71) = 1,
(1, 72) = 1,
(1, 73) = 1,
(1, 74) = 1,
(1, 75) = 1,
(1, 76) = 1,
(1, 77) = 1,
(1, 78) = 1,
(1, 79) = 1,
(1, 80) = 1,
(1, 81) = 1,
(1, 82) = 1,
(1, 83) = 1,
(1, 84) = 1,
(1, 85) = 1,
(1, 86) = 1,
(1, 87) = 1,
(1, 88) = 1,
(1, 89) = 1,
(1, 90) = 1,
(1, 91) = 1,
(1, 92) = 1,
(1, 93) = 1,
(1, 94) = 1,
(1, 95) = 1,
(1, 96) = 1,
(1, 97) = 1,
(1, 98) = 1,
(1, 99) = 1,
(1, 100) = 1,
(1, 101) = 1,
(1, 102) = 1,
(1, 103) = 1,
(1, 104) = 1,
(1, 105) = 1,
(1, 106) = 1,
(1, 107) = 1,
(1, 108) = 1,
(1, 109) = 1,
(1, 110) = 1,
(1, 111) = 1,
(1, 112) = 1,
(1, 113) = 1,
(1, 114) = 1,
(1, 115) = 1,
(1, 116) = 1,
(1, 117) = 1,
(1, 118) = 1,
(1, 119) = 1,
(1, 120) = 1,
(1, 121) = 1,
(1, 122) = 1,
(1, 123) = 1,
(1, 124) = 1,
(1, 125) = 1,
(1, 126) = 1,
(1, 127) = 1,
(1, 128) = 1,
(1, 129) = 1,
(1, 130) = 1,
(1, 131) = 1,
(1, 132) = 1,
(1, 133) = 1,
(1, 134) = 1,
(1, 135) = 1,
(1, 136) = 1,
(1, 137) = 1,
(1, 138) = 1,
(1, 139) = 1,
(1, 140) = 1,
(1, 141) = 1,
(1, 142) = 1,
(1, 143) = 1,
(1, 144) = 1,
(1, 145) = 1,
(1, 146) = 1,
(1, 147) = 1,
(1, 148) = 1,
(1, 149) = 1,
(1, 150) = 1,
(1, 151) = 1,
(1, 152) = 1,
(1, 153) = 1,
(1, 154) = 1,
(1, 155) = 1,
(1, 156) = 1,
(1, 157) = 1,
(1, 158) = 1,
(1, 159) = 1,
(1, 160) = 1,
(1, 161) = 1,
(1, 162) = 1,
(1, 163) = 1,
(1, 164) = 1,
(1, 165) = 1,
(1, 166) = 1,
(1, 167) = 1,
(1, 168) = 1,
(1, 169) = 1,
(1, 170) = 1,
(1, 171) = 1,
(1, 172) = 1,
(1, 173) = 1,
(1, 174) = 1,
(1, 175) = 1,
(1, 176) = 1,
(2, 0) = 0,
(2, 1) = 1,
(2, 2) = 3,
(2, 3) = 5,
(2, 4) = 7,
(2, 5) = 9,
(2, 6) = 11,
(2, 7) = 13,
(2, 8) = 15,
(2, 9) = 17,
(2, 10) = 19,
(2, 11) = 21,
(2, 12) = 23,
(2, 13) = 25,
(2, 14) = 27,
(2, 15) = 29,
(2, 16) = 31,
(2, 17) = 33,
(2, 18) = 35,
(2, 19) = 37,
(2, 20) = 39,
(2, 21) = 41,
(2, 22) = 43,
(2, 23) = 45,
(2, 24) = 47,
(2, 25) = 49,
(2, 26) = 51,
(2, 27) = 53,
(2, 28) = 55,
(2, 29) = 57,
(2, 30) = 59,
(2, 31) = 61,
(2, 32) = 63,
(2, 33) = 65,
(2, 34) = 67,
(2, 35) = 69,
(2, 36) = 71,
(2, 37) = 73,
(2, 38) = 75,
(2, 39) = 77,
(2, 40) = 79,
(2, 41) = 81,
(2, 42) = 83,
(2, 43) = 85,
(2, 44) = 87,
(2, 45) = 89,
(2, 46) = 91,
(2, 47) = 93,
(2, 48) = 95,
(2, 49) = 97,
(2, 50) = 99,
(2, 51) = 101,
(2, 52) = 103,
(2, 53) = 105,
(2, 54) = 107,
(2, 55) = 109,
(2, 56) = 111,
(2, 57) = 113,
(2, 58) = 115,
(2, 59) = 117,
(2, 60) = 119,
(2, 61) = 121,
(2, 62) = 123,
(2, 63) = 125,
(2, 64) = 127,
(2, 65) = 129,
(2, 66) = 131,
(2, 67) = 133,
(2, 68) = 135,
(2, 69) = 137,
(2, 70) = 139,
(2, 71) = 141,
(2, 72) = 143,
(2, 73) = 145,
(2, 74) = 147,
(2, 75) = 149,
(2, 76) = 151,
(2, 77) = 153,
(2, 78) = 155,
(2, 79) = 157,
(2, 80) = 159,
(2, 81) = 161,
(2, 82) = 163,
(2, 83) = 165,
(2, 84) = 167,
(2, 85) = 169,
(2, 86) = 171,
(2, 87) = 173,
(2, 88) = 175,
(2, 89) = 177,
(2, 90) = 179,
(2, 91) = 181,
(2, 92) = 183,
(2, 93) = 185,
(2, 94) = 187,
(2, 95) = 189,
(2, 96) = 191,
(2, 97) = 193,
(2, 98) = 195,
(2, 99) = 197,
(2, 100) = 199,
(2, 101) = 201,
(2, 102) = 203,
(2, 103) = 205,
(2, 104) = 207,
(2, 105) = 209,
(2, 106) = 211,
(2, 107) = 213,
(2, 108) = 215,
(2, 109) = 217,
(2, 110) = 219,
(2, 111) = 221,
(2, 112) = 223,
(2, 113) = 225,
(2, 114) = 227,
(2, 115) = 229,
(2, 116) = 231,
(2, 117) = 233,
(2, 118) = 235,
(2, 119) = 237,
(2, 120) = 239,
(2, 121) = 241,
(2, 122) = 243,
(2, 123) = 245,
(2, 124) = 247,
(2, 125) = 249,
(2, 126) = 251,
(2, 127) = 253,
(2, 128) = 255,
(2, 129) = 257,
(2, 130) = 259,
(2, 131) = 261,
(2, 132) = 263,
(2, 133) = 265,
(2, 134) = 267,
(2, 135) = 269,
(2, 136) = 271,
(2, 137) = 273,
(2, 138) = 275,
(2, 139) = 277,
(2, 140) = 279,
(2, 141) = 281,
(2, 142) = 283,
(2, 143) = 285,
(2, 144) = 287,
(2, 145) = 289,
(2, 146) = 291,
(2, 147) = 293,
(2, 148) = 295,
(2, 149) = 297,
(2, 150) = 299,
(2, 151) = 301,
(2, 152) = 303,
(2, 153) = 305,
(2, 154) = 307,
(2, 155) = 309,
(2, 156) = 311,
(2, 157) = 313,
(2, 158) = 315,
(2, 159) = 317,
(2, 160) = 319,
(2, 161) = 321,
(2, 162) = 323,
(2, 163) = 325,
(2, 164) = 327,
(2, 165) = 329,
(2, 166) = 331,
(2, 167) = 333,
(2, 168) = 335,
(2, 169) = 337,
(2, 170) = 339,
(2, 171) = 341,
(2, 172) = 343,
(2, 173) = 345,
(2, 174) = 347,
(2, 175) = 349,
(2, 176) = 351,
(3, 0) = 0,
(3, 1) = 1,
(3, 2) = 5,
(3, 3) = 13,
(3, 4) = 25,
(3, 5) = 41,
(3, 6) = 61,
(3, 7) = 85,
(3, 8) = 113,
(3, 9) = 145,
(3, 10) = 181,
(3, 11) = 221,
(3, 12) = 265,
(3, 13) = 313,
(3, 14) = 365,
(3, 15) = 421,
(3, 16) = 481,
(3, 17) = 545,
(3, 18) = 613,
(3, 19) = 685,
(3, 20) = 761,
(3, 21) = 841,
(3, 22) = 925,
(3, 23) = 1013,
(3, 24) = 1105,
(3, 25) = 1201,
(3, 26) = 1301,
(3, 27) = 1405,
(3, 28) = 1513,
(3, 29) = 1625,
(3, 30) = 1741,
(3, 31) = 1861,
(3, 32) = 1985,
(3, 33) = 2113,
(3, 34) = 2245,
(3, 35) = 2381,
(3, 36) = 2521,
(3, 37) = 2665,
(3, 38) = 2813,
(3, 39) = 2965,
(3, 40) = 3121,
(3, 41) = 3281,
(3, 42) = 3445,
(3, 43) = 3613,
(3, 44) = 3785,
(3, 45) = 3961,
(3, 46) = 4141,
(3, 47) = 4325,
(3, 48) = 4513,
(3, 49) = 4705,
(3, 50) = 4901,
(3, 51) = 5101,
(3, 52) = 5305,
(3, 53) = 5513,
(3, 54) = 5725,
(3, 55) = 5941,
(3, 56) = 6161,
(3, 57) = 6385,
(3, 58) = 6613,
(3, 59) = 6845,
(3, 60) = 7081,
(3, 61) = 7321,
(3, 62) = 7565,
(3, 63) = 7813,
(3, 64) = 8065,
(3, 65) = 8321,
(3, 66) = 8581,
(3, 67) = 8845,
(3, 68) = 9113,
(3, 69) = 9385,
(3, 70) = 9661,
(3, 71) = 9941,
(3, 72) = 10225,
(3, 73) = 10513,
(3, 74) = 10805,
(3, 75) = 11101,
(3, 76) = 11401,
(3, 77) = 11705,
(3, 78) = 12013,
(3, 79) = 12325,
(3, 80) = 12641,
(3, 81) = 12961,
(3, 82) = 13285,
(3, 83) = 13613,
(3, 84) = 13945,
(3, 85) = 14281,
(3, 86) = 14621,
(3, 87) = 14965,
(3, 88) = 15313,
(3, 89) = 15665,
(3, 90) = 16021,
(3, 91) = 16381,
(3, 92) = 16745,
(3, 93) = 17113,
(3, 94) = 17485,
(3, 95) = 17861,
(3, 96) = 18241,
(3, 97) = 18625,
(3, 98) = 19013,
(3, 99) = 19405,
(3, 100) = 19801,
(3, 101) = 20201,
(3, 102) = 20605,
(3, 103) = 21013,
(3, 104) = 21425,
(3, 105) = 21841,
(3, 106) = 22261,
(3, 107) = 22685,
(3, 108) = 23113,
(3, 109) = 23545,
(3, 110) = 23981,
(3, 111) = 24421,
(3, 112) = 24865,
(3, 113) = 25313,
(3, 114) = 25765,
(3, 115) = 26221,
(3, 116) = 26681,
(3, 117) = 27145,
(3, 118) = 27613,
(3, 119) = 28085,
(3, 120) = 28561,
(3, 121) = 29041,
(3, 122) = 29525,
(3, 123) = 30013,
(3, 124) = 30505,
(3, 125) = 31001,
(3, 126) = 31501,
(3, 127) = 32005,
(3, 128) = 32513,
(3, 129) = 33025,
(3, 130) = 33541,
(3, 131) = 34061,
(3, 132) = 34585,
(3, 133) = 35113,
(3, 134) = 35645,
(3, 135) = 36181,
(3, 136) = 36721,
(3, 137) = 37265,
(3, 138) = 37813,
(3, 139) = 38365,
(3, 140) = 38921,
(3, 141) = 39481,
(3, 142) = 40045,
(3, 143) = 40613,
(3, 144) = 41185,
(3, 145) = 41761,
(3, 146) = 42341,
(3, 147) = 42925,
(3, 148) = 43513,
(3, 149) = 44105,
(3, 150) = 44701,
(3, 151) = 45301,
(3, 152) = 45905,
(3, 153) = 46513,
(3, 154) = 47125,
(3, 155) = 47741,
(3, 156) = 48361,
(3, 157) = 48985,
(3, 158) = 49613,
(3, 159) = 50245,
(3, 160) = 50881,
(3, 161) = 51521,
(3, 162) = 52165,
(3, 163) = 52813,
(3, 164) = 53465,
(3, 165) = 54121,
(3, 166) = 54781,
(3, 167) = 55445,
(3, 168) = 56113,
(3, 169) = 56785,
(3, 170) = 57461,
(3, 171) = 58141,
(3, 172) = 58825,
(3, 173) = 59513,
(3, 174) = 60205,
(3, 175) = 60901,
(3, 176) = 61601,
(4, 0) = 0,
(4, 1) = 1,
(4, 2) = 7,
(4, 3) = 25,
(4, 4) = 63,
(4, 5) = 129,
(4, 6) = 231,
(4, 7) = 377,
(4, 8) = 575,
(4, 9) = 833,
(4, 10) = 1159,
(4, 11) = 1561,
(4, 12) = 2047,
(4, 13) = 2625,
(4, 14) = 3303,
(4, 15) = 4089,
(4, 16) = 4991,
(4, 17) = 6017,
(4, 18) = 7175,
(4, 19) = 8473,
(4, 20) = 9919,
(4, 21) = 11521,
(4, 22) = 13287,
(4, 23) = 15225,
(4, 24) = 17343,
(4, 25) = 19649,
(4, 26) = 22151,
(4, 27) = 24857,
(4, 28) = 27775,
(4, 29) = 30913,
(4, 30) = 34279,
(4, 31) = 37881,
(4, 32) = 41727,
(4, 33) = 45825,
(4, 34) = 50183,
(4, 35) = 54809,
(4, 36) = 59711,
(4, 37) = 64897,
(4, 38) = 70375,
(4, 39) = 76153,
(4, 40) = 82239,
(4, 41) = 88641,
(4, 42) = 95367,
(4, 43) = 102425,
(4, 44) = 109823,
(4, 45) = 117569,
(4, 46) = 125671,
(4, 47) = 134137,
(4, 48) = 142975,
(4, 49) = 152193,
(4, 50) = 161799,
(4, 51) = 171801,
(4, 52) = 182207,
(4, 53) = 193025,
(4, 54) = 204263,
(4, 55) = 215929,
(4, 56) = 228031,
(4, 57) = 240577,
(4, 58) = 253575,
(4, 59) = 267033,
(4, 60) = 280959,
(4, 61) = 295361,
(4, 62) = 310247,
(4, 63) = 325625,
(4, 64) = 341503,
(4, 65) = 357889,
(4, 66) = 374791,
(4, 67) = 392217,
(4, 68) = 410175,
(4, 69) = 428673,
(4, 70) = 447719,
(4, 71) = 467321,
(4, 72) = 487487,
(4, 73) = 508225,
(4, 74) = 529543,
(4, 75) = 551449,
(4, 76) = 573951,
(4, 77) = 597057,
(4, 78) = 620775,
(4, 79) = 645113,
(4, 80) = 670079,
(4, 81) = 695681,
(4, 82) = 721927,
(4, 83) = 748825,
(4, 84) = 776383,
(4, 85) = 804609,
(4, 86) = 833511,
(4, 87) = 863097,
(4, 88) = 893375,
(4, 89) = 924353,
(4, 90) = 956039,
(4, 91) = 988441,
(4, 92) = 1021567,
(4, 93) = 1055425,
(4, 94) = 1090023,
(4, 95) = 1125369,
(4, 96) = 1161471,
(4, 97) = 1198337,
(4, 98) = 1235975,
(4, 99) = 1274393,
(4, 100) = 1313599,
(4, 101) = 1353601,
(4, 102) = 1394407,
(4, 103) = 1436025,
(4, 104) = 1478463,
(4, 105) = 1521729,
(4, 106) = 1565831,
(4, 107) = 1610777,
(4, 108) = 1656575,
(4, 109) = 1703233,
(4, 110) = 1750759,
(4, 111) = 1799161,
(4, 112) = 1848447,
(4, 113) = 1898625,
(4, 114) = 1949703,
(4, 115) = 2001689,
(4, 116) = 2054591,
(4, 117) = 2108417,
(4, 118) = 2163175,
(4, 119) = 2218873,
(4, 120) = 2275519,
(4, 121) = 2333121,
(4, 122) = 2391687,
(4, 123) = 2451225,
(4, 124) = 2511743,
(4, 125) = 2573249,
(4, 126) = 2635751,
(4, 127) = 2699257,
(4, 128) = 2763775,
(4, 129) = 2829313,
(4, 130) = 2895879,
(4, 131) = 2963481,
(4, 132) = 3032127,
(4, 133) = 3101825,
(4, 134) = 3172583,
(4, 135) = 3244409,
(4, 136) = 3317311,
(4, 137) = 3391297,
(4, 138) = 3466375,
(4, 139) = 3542553,
(4, 140) = 3619839,
(4, 141) = 3698241,
(4, 142) = 3777767,
(4, 143) = 3858425,
(4, 144) = 3940223,
(4, 145) = 4023169,
(4, 146) = 4107271,
(4, 147) = 4192537,
(4, 148) = 4278975,
(4, 149) = 4366593,
(4, 150) = 4455399,
(4, 151) = 4545401,
(4, 152) = 4636607,
(4, 153) = 4729025,
(4, 154) = 4822663,
(4, 155) = 4917529,
(4, 156) = 5013631,
(4, 157) = 5110977,
(4, 158) = 5209575,
(4, 159) = 5309433,
(4, 160) = 5410559,
(4, 161) = 5512961,
(4, 162) = 5616647,
(4, 163) = 5721625,
(4, 164) = 5827903,
(4, 165) = 5935489,
(4, 166) = 6044391,
(4, 167) = 6154617,
(4, 168) = 6266175,
(4, 169) = 6379073,
(4, 170) = 6493319,
(4, 171) = 6608921,
(4, 172) = 6725887,
(4, 173) = 6844225,
(4, 174) = 6963943,
(4, 175) = 7085049,
(4, 176) = 7207551,
(5, 0) = 0,
(5, 1) = 1,
(5, 2) = 9,
(5, 3) = 41,
(5, 4) = 129,
(5, 5) = 321,
(5, 6) = 681,
(5, 7) = 1289,
(5, 8) = 2241,
(5, 9) = 3649,
(5, 10) = 5641,
(5, 11) = 8361,
(5, 12) = 11969,
(5, 13) = 16641,
(5, 14) = 22569,
(5, 15) = 29961,
(5, 16) = 39041,
(5, 17) = 50049,
(5, 18) = 63241,
(5, 19) = 78889,
(5, 20) = 97281,
(5, 21) = 118721,
(5, 22) = 143529,
(5, 23) = 172041,
(5, 24) = 204609,
(5, 25) = 241601,
(5, 26) = 283401,
(5, 27) = 330409,
(5, 28) = 383041,
(5, 29) = 441729,
(5, 30) = 506921,
(5, 31) = 579081,
(5, 32) = 658689,
(5, 33) = 746241,
(5, 34) = 842249,
(5, 35) = 947241,
(5, 36) = 1061761,
(5, 37) = 1186369,
(5, 38) = 1321641,
(5, 39) = 1468169,
(5, 40) = 1626561,
(5, 41) = 1797441,
(5, 42) = 1981449,
(5, 43) = 2179241,
(5, 44) = 2391489,
(5, 45) = 2618881,
(5, 46) = 2862121,
(5, 47) = 3121929,
(5, 48) = 3399041,
(5, 49) = 3694209,
(5, 50) = 4008201,
(5, 51) = 4341801,
(5, 52) = 4695809,
(5, 53) = 5071041,
(5, 54) = 5468329,
(5, 55) = 5888521,
(5, 56) = 6332481,
(5, 57) = 6801089,
(5, 58) = 7295241,
(5, 59) = 7815849,
(5, 60) = 8363841,
(5, 61) = 8940161,
(5, 62) = 9545769,
(5, 63) = 10181641,
(5, 64) = 10848769,
(5, 65) = 11548161,
(5, 66) = 12280841,
(5, 67) = 13047849,
(5, 68) = 13850241,
(5, 69) = 14689089,
(5, 70) = 15565481,
(5, 71) = 16480521,
(5, 72) = 17435329,
(5, 73) = 18431041,
(5, 74) = 19468809,
(5, 75) = 20549801,
(5, 76) = 21675201,
(5, 77) = 22846209,
(5, 78) = 24064041,
(5, 79) = 25329929,
(5, 80) = 26645121,
(5, 81) = 28010881,
(5, 82) = 29428489,
(5, 83) = 30899241,
(5, 84) = 32424449,
(5, 85) = 34005441,
(5, 86) = 35643561,
(5, 87) = 37340169,
(5, 88) = 39096641,
(5, 89) = 40914369,
(5, 90) = 42794761,
(5, 91) = 44739241,
(5, 92) = 46749249,
(5, 93) = 48826241,
(5, 94) = 50971689,
(5, 95) = 53187081,
(5, 96) = 55473921,
(5, 97) = 57833729,
(5, 98) = 60268041,
(5, 99) = 62778409,
(5, 100) = 65366401,
(5, 101) = 68033601,
(5, 102) = 70781609,
(5, 103) = 73612041,
(5, 104) = 76526529,
(5, 105) = 79526721,
(5, 106) = 82614281,
(5, 107) = 85790889,
(5, 108) = 89058241,
(5, 109) = 92418049,
(5, 110) = 95872041,
(5, 111) = 99421961,
(5, 112) = 103069569,
(5, 113) = 106816641,
(5, 114) = 110664969,
(5, 115) = 114616361,
(5, 116) = 118672641,
(5, 117) = 122835649,
(5, 118) = 127107241,
(5, 119) = 131489289,
(5, 120) = 135983681,
(5, 121) = 140592321,
(5, 122) = 145317129,
(5, 123) = 150160041,
(5, 124) = 155123009,
(5, 125) = 160208001,
(5, 126) = 165417001,
(5, 127) = 170752009,
(5, 128) = 176215041,
(5, 129) = 181808129,
(5, 130) = 187533321,
(5, 131) = 193392681,
(5, 132) = 199388289,
(5, 133) = 205522241,
(5, 134) = 211796649,
(5, 135) = 218213641,
(5, 136) = 224775361,
(5, 137) = 231483969,
(5, 138) = 238341641,
(5, 139) = 245350569,
(5, 140) = 252512961,
(5, 141) = 259831041,
(5, 142) = 267307049,
(5, 143) = 274943241,
(5, 144) = 282741889,
(5, 145) = 290705281,
(5, 146) = 298835721,
(5, 147) = 307135529,
(5, 148) = 315607041,
(5, 149) = 324252609,
(5, 150) = 333074601,
(5, 151) = 342075401,
(5, 152) = 351257409,
(5, 153) = 360623041,
(5, 154) = 370174729,
(5, 155) = 379914921,
(5, 156) = 389846081,
(5, 157) = 399970689,
(5, 158) = 410291241,
(5, 159) = 420810249,
(5, 160) = 431530241,
(5, 161) = 442453761,
(5, 162) = 453583369,
(5, 163) = 464921641,
(5, 164) = 476471169,
(5, 165) = 488234561,
(5, 166) = 500214441,
(5, 167) = 512413449,
(5, 168) = 524834241,
(5, 169) = 537479489,
(5, 170) = 550351881,
(5, 171) = 563454121,
(5, 172) = 576788929,
(5, 173) = 590359041,
(5, 174) = 604167209,
(5, 175) = 618216201,
(5, 176) = 632508801,
(6, 0) = 0,
(6, 1) = 1,
(6, 2) = 11,
(6, 3) = 61,
(6, 4) = 231,
(6, 5) = 681,
(6, 6) = 1683,
(6, 7) = 3653,
(6, 8) = 7183,
(6, 9) = 13073,
(6, 10) = 22363,
(6, 11) = 36365,
(6, 12) = 56695,
(6, 13) = 85305,
(6, 14) = 124515,
(6, 15) = 177045,
(6, 16) = 246047,
(6, 17) = 335137,
(6, 18) = 448427,
(6, 19) = 590557,
(6, 20) = 766727,
(6, 21) = 982729,
(6, 22) = 1244979,
(6, 23) = 1560549,
(6, 24) = 1937199,
(6, 25) = 2383409,
(6, 26) = 2908411,
(6, 27) = 3522221,
(6, 28) = 4235671,
(6, 29) = 5060441,
(6, 30) = 6009091,
(6, 31) = 7095093,
(6, 32) = 8332863,
(6, 33) = 9737793,
(6, 34) = 11326283,
(6, 35) = 13115773,
(6, 36) = 15124775,
(6, 37) = 17372905,
(6, 38) = 19880915,
(6, 39) = 22670725,
(6, 40) = 25765455,
(6, 41) = 29189457,
(6, 42) = 32968347,
(6, 43) = 37129037,
(6, 44) = 41699767,
(6, 45) = 46710137,
(6, 46) = 52191139,
(6, 47) = 58175189,
(6, 48) = 64696159,
(6, 49) = 71789409,
(6, 50) = 79491819,
(6, 51) = 87841821,
(6, 52) = 96879431,
(6, 53) = 106646281,
(6, 54) = 117185651,
(6, 55) = 128542501,
(6, 56) = 140763503,
(6, 57) = 153897073,
(6, 58) = 167993403,
(6, 59) = 183104493,
(6, 60) = 199284183,
(6, 61) = 216588185,
(6, 62) = 235074115,
(6, 63) = 254801525,
(6, 64) = 275831935,
(6, 65) = 298228865,
(6, 66) = 322057867,
(6, 67) = 347386557,
(6, 68) = 374284647,
(6, 69) = 402823977,
(6, 70) = 433078547,
(6, 71) = 465124549,
(6, 72) = 499040399,
(6, 73) = 534906769,
(6, 74) = 572806619,
(6, 75) = 612825229,
(6, 76) = 655050231,
(6, 77) = 699571641,
(6, 78) = 746481891,
(6, 79) = 795875861,
(6, 80) = 847850911,
(6, 81) = 902506913,
(6, 82) = 959946283,
(6, 83) = 1020274013,
(6, 84) = 1083597703,
(6, 85) = 1150027593,
(6, 86) = 1219676595,
(6, 87) = 1292660325,
(6, 88) = 1369097135,
(6, 89) = 1449108145,
(6, 90) = 1532817275,
(6, 91) = 1620351277,
(6, 92) = 1711839767,
(6, 93) = 1807415257,
(6, 94) = 1907213187,
(6, 95) = 2011371957,
(6, 96) = 2120032959,
(7, 0) = 0,
(7, 1) = 1,
(7, 2) = 13,
(7, 3) = 85,
(7, 4) = 377,
(7, 5) = 1289,
(7, 6) = 3653,
(7, 7) = 8989,
(7, 8) = 19825,
(7, 9) = 40081,
(7, 10) = 75517,
(7, 11) = 134245,
(7, 12) = 227305,
(7, 13) = 369305,
(7, 14) = 579125,
(7, 15) = 880685,
(7, 16) = 1303777,
(7, 17) = 1884961,
(7, 18) = 2668525,
(7, 19) = 3707509,
(7, 20) = 5064793,
(7, 21) = 6814249,
(7, 22) = 9041957,
(7, 23) = 11847485,
(7, 24) = 15345233,
(7, 25) = 19665841,
(7, 26) = 24957661,
(7, 27) = 31388293,
(7, 28) = 39146185,
(7, 29) = 48442297,
(7, 30) = 59511829,
(7, 31) = 72616013,
(7, 32) = 88043969,
(7, 33) = 106114625,
(7, 34) = 127178701,
(7, 35) = 151620757,
(7, 36) = 179861305,
(7, 37) = 212358985,
(7, 38) = 249612805,
(7, 39) = 292164445,
(7, 40) = 340600625,
(7, 41) = 395555537,
(7, 42) = 457713341,
(7, 43) = 527810725,
(7, 44) = 606639529,
(7, 45) = 695049433,
(7, 46) = 793950709,
(7, 47) = 904317037,
(7, 48) = 1027188385,
(7, 49) = 1163673953,
(7, 50) = 1314955181,
(7, 51) = 1482288821,
(7, 52) = 1667010073,
(7, 53) = 1870535785,
(7, 54) = 2094367717,
(8, 0) = 0,
(8, 1) = 1,
(8, 2) = 15,
(8, 3) = 113,
(8, 4) = 575,
(8, 5) = 2241,
(8, 6) = 7183,
(8, 7) = 19825,
(8, 8) = 48639,
(8, 9) = 108545,
(8, 10) = 224143,
(8, 11) = 433905,
(8, 12) = 795455,
(8, 13) = 1392065,
(8, 14) = 2340495,
(8, 15) = 3800305,
(8, 16) = 5984767,
(8, 17) = 9173505,
(8, 18) = 13726991,
(8, 19) = 20103025,
(8, 20) = 28875327,
(8, 21) = 40754369,
(8, 22) = 56610575,
(8, 23) = 77500017,
(8, 24) = 104692735,
(8, 25) = 139703809,
(8, 26) = 184327311,
(8, 27) = 240673265,
(8, 28) = 311207743,
(8, 29) = 398796225,
(8, 30) = 506750351,
(8, 31) = 638878193,
(8, 32) = 799538175,
(8, 33) = 993696769,
(8, 34) = 1226990095,
(8, 35) = 1505789553,
(8, 36) = 1837271615,
(8, 37) = 2229491905,
(9, 0) = 0,
(9, 1) = 1,
(9, 2) = 17,
(9, 3) = 145,
(9, 4) = 833,
(9, 5) = 3649,
(9, 6) = 13073,
(9, 7) = 40081,
(9, 8) = 108545,
(9, 9) = 265729,
(9, 10) = 598417,
(9, 11) = 1256465,
(9, 12) = 2485825,
(9, 13) = 4673345,
(9, 14) = 8405905,
(9, 15) = 14546705,
(9, 16) = 24331777,
(9, 17) = 39490049,
(9, 18) = 62390545,
(9, 19) = 96220561,
(9, 20) = 145198913,
(9, 21) = 214828609,
(9, 22) = 312193553,
(9, 23) = 446304145,
(9, 24) = 628496897,
(9, 25) = 872893441,
(9, 26) = 1196924561,
(9, 27) = 1621925137,
(9, 28) = 2173806145,
(10, 0) = 0,
(10, 1) = 1,
(10, 2) = 19,
(10, 3) = 181,
(10, 4) = 1159,
(10, 5) = 5641,
(10, 6) = 22363,
(10, 7) = 75517,
(10, 8) = 224143,
(10, 9) = 598417,
(10, 10) = 1462563,
(10, 11) = 3317445,
(10, 12) = 7059735,
(10, 13) = 14218905,
(10, 14) = 27298155,
(10, 15) = 50250765,
(10, 16) = 89129247,
(10, 17) = 152951073,
(10, 18) = 254831667,
(10, 19) = 413442773,
(10, 20) = 654862247,
(10, 21) = 1014889769,
(10, 22) = 1541911931,
(10, 23) = 2300409629,
(10, 24) = 3375210671,
(11, 0) = 0,
(11, 1) = 1,
(11, 2) = 21,
(11, 3) = 221,
(11, 4) = 1561,
(11, 5) = 8361,
(11, 6) = 36365,
(11, 7) = 134245,
(11, 8) = 433905,
(11, 9) = 1256465,
(11, 10) = 3317445,
(11, 11) = 8097453,
(11, 12) = 18474633,
(11, 13) = 39753273,
(11, 14) = 81270333,
(11, 15) = 158819253,
(11, 16) = 298199265,
(11, 17) = 540279585,
(11, 18) = 948062325,
(11, 19) = 1616336765,
(12, 0) = 0,
(12, 1) = 1,
(12, 2) = 23,
(12, 3) = 265,
(12, 4) = 2047,
(12, 5) = 11969,
(12, 6) = 56695,
(12, 7) = 227305,
(12, 8) = 795455,
(12, 9) = 2485825,
(12, 10) = 7059735,
(12, 11) = 18474633,
(12, 12) = 45046719,
(12, 13) = 103274625,
(12, 14) = 224298231,
(12, 15) = 464387817,
(12, 16) = 921406335,
(12, 17) = 1759885185,
(12, 18) = 3248227095,
(13, 0) = 0,
(13, 1) = 1,
(13, 2) = 25,
(13, 3) = 313,
(13, 4) = 2625,
(13, 5) = 16641,
(13, 6) = 85305,
(13, 7) = 369305,
(13, 8) = 1392065,
(13, 9) = 4673345,
(13, 10) = 14218905,
(13, 11) = 39753273,
(13, 12) = 103274625,
(13, 13) = 251595969,
(13, 14) = 579168825,
(13, 15) = 1267854873,
(13, 16) = 2653649025,
(14, 0) = 0,
(14, 1) = 1,
(14, 2) = 27,
(14, 3) = 365,
(14, 4) = 3303,
(14, 5) = 22569,
(14, 6) = 124515,
(14, 7) = 579125,
(14, 8) = 2340495,
(14, 9) = 8405905,
(14, 10) = 27298155,
(14, 11) = 81270333,
(14, 12) = 224298231,
(14, 13) = 579168825,
(14, 14) = 1409933619,

